src/app/dashboard/reports/page.tsx(66,11): error TS2322: Type '"primary"' is not assignable to type 'MetricVariant | undefined'.
