src/app/dashboard/page.tsx(3,29): error TS2307: Cannot find module '@/hooks/use-hydrated' or its corresponding type declarations.
src/app/dashboard/page.tsx(4,34): error TS2307: Cannot find module '@/components/send/send-page-skeleton' or its corresponding type declarations.
src/app/dashboard/page.tsx(8,33): error TS2307: Cannot find module '@/components/ui/animated-content' or its corresponding type declarations.
src/app/dashboard/page.tsx(9,29): error TS2307: Cannot find module '@/lib/store' or its corresponding type declarations.
src/app/dashboard/page.tsx(10,32): error TS2307: Cannot find module '@/components/dashboard/global-sheet-provider' or its corresponding type declarations.
src/app/dashboard/page.tsx(11,26): error TS2307: Cannot find module '@/lib/types' or its corresponding type declarations.
src/app/dashboard/page.tsx(13,34): error TS2307: Cannot find module '@/components/send/stale-batch-dialog' or its corresponding type declarations.
src/app/dashboard/page.tsx(14,30): error TS2307: Cannot find module '@/hooks/use-scheduler' or its corresponding type declarations.
src/app/dashboard/page.tsx(15,27): error TS2307: Cannot find module '@/hooks/use-sender' or its corresponding type declarations.
src/app/dashboard/page.tsx(16,29): error TS2307: Cannot find module '@/hooks/use-send-form' or its corresponding type declarations.
src/app/dashboard/page.tsx(17,37): error TS2307: Cannot find module '@/hooks/use-schedule-messages' or its corresponding type declarations.
src/app/dashboard/page.tsx(26,20): error TS2307: Cannot find module '@/lib/utils' or its corresponding type declarations.
src/app/dashboard/page.tsx(30,79): error TS2307: Cannot find module '@/components/ui/select' or its corresponding type declarations.
src/app/dashboard/page.tsx(31,24): error TS2307: Cannot find module '@/components/ui/switch' or its corresponding type declarations.
src/app/dashboard/page.tsx(32,23): error TS2307: Cannot find module '@/components/ui/input' or its corresponding type declarations.
src/app/dashboard/page.tsx(34,35): error TS2307: Cannot find module '@/components/send/recipient-selector' or its corresponding type declarations.
src/app/dashboard/page.tsx(35,31): error TS2307: Cannot find module '@/components/send/message-editor' or its corresponding type declarations.
src/app/dashboard/page.tsx(36,31): error TS2307: Cannot find module '@/components/send/step-indicator' or its corresponding type declarations.
src/app/dashboard/page.tsx(37,34): error TS2307: Cannot find module '@/components/send/wizard-navigation' or its corresponding type declarations.
src/app/dashboard/page.tsx(40,29): error TS2307: Cannot find module '@/components/send/status-panel' or its corresponding type declarations.
src/app/dashboard/page.tsx(41,32): error TS2307: Cannot find module '@/components/dashboard/templates/whatsapp-mockup' or its corresponding type declarations.
